Dec 11 21:38:55 lfs kernel: klogd 1.5.1, log source = /proc/kmsg started.
Dec 11 21:38:55 lfs kernel: Cannot find map file.
Dec 11 21:38:55 lfs kernel: Loaded 111233 symbols from 4 modules.
Dec 11 21:38:55 lfs kernel: [    0.000000] Linux version 6.7.0-rc4-next-20231211-chamada-gbbd220ce4e29 (root@lfs) (gcc (GCC) 12.2.0, GNU ld (GNU Binutils) 2.40) #1 SMP PREEMPT_DYNAMIC Mon Dec 11 21:31:18 UTC 2023
Dec 11 21:38:55 lfs kernel: [    0.000000] Command line: BOOT_IMAGE=/vmlinuz-next-20231211-chamada root=PARTUUID=ca756fd0-7b3a-457d-ae17-2adfaf39a6c8 ro
Dec 11 21:38:55 lfs kernel: [    0.000000] BIOS-provided physical RAM map:
Dec 11 21:38:55 lfs kernel: [    0.000000] BIOS-e820: [mem 0x0000000000000000-0x000000000009ffff] usable
Dec 11 21:38:55 lfs kernel: [    0.000000] BIOS-e820: [mem 0x0000000000100000-0x00000000bee40fff] usable
Dec 11 21:38:55 lfs kernel: [    0.000000] BIOS-e820: [mem 0x00000000bee41000-0x00000000bef42fff] reserved
Dec 11 21:38:55 lfs kernel: [    0.000000] BIOS-e820: [mem 0x00000000bef43000-0x00000000bf8edfff] usable
Dec 11 21:38:55 lfs kernel: [    0.000000] BIOS-e820: [mem 0x00000000bf8ee000-0x00000000bf9edfff] reserved
Dec 11 21:38:55 lfs kernel: [    0.000000] BIOS-e820: [mem 0x00000000bf9ee000-0x00000000bfaedfff] type 20
Dec 11 21:38:55 lfs kernel: [    0.000000] BIOS-e820: [mem 0x00000000bfaee000-0x00000000bfb6dfff] reserved
Dec 11 21:38:55 lfs kernel: [    0.000000] BIOS-e820: [mem 0x00000000bfb6e000-0x00000000bfb7dfff] ACPI data
Dec 11 21:38:55 lfs kernel: [    0.000000] BIOS-e820: [mem 0x00000000bfb7e000-0x00000000bfbfdfff] ACPI NVS
Dec 11 21:38:55 lfs kernel: [    0.000000] BIOS-e820: [mem 0x00000000bfbfe000-0x00000000bff7bfff] usable
Dec 11 21:38:55 lfs kernel: [    0.000000] BIOS-e820: [mem 0x00000000bff7c000-0x00000000bfffffff] reserved
Dec 11 21:38:55 lfs kernel: [    0.000000] BIOS-e820: [mem 0x00000000ffc00000-0x00000000ffffffff] reserved
Dec 11 21:38:55 lfs kernel: [    0.000000] BIOS-e820: [mem 0x0000000100000000-0x000000013fffffff] usable
Dec 11 21:38:55 lfs kernel: [    0.000000] NX (Execute Disable) protection: active
Dec 11 21:38:55 lfs kernel: [    0.000000] APIC: Static calls initialized
Dec 11 21:38:55 lfs kernel: [    0.000000] efi: EFI v2.7 by EDK II
Dec 11 21:38:55 lfs kernel: [    0.000000] efi: SMBIOS=0xbf922000 ACPI=0xbfb7d000 ACPI 2.0=0xbfb7d014 MEMATTR=0xbe7ce198
Dec 11 21:38:55 lfs kernel: [    0.000000] efi: Remove mem125: MMIO range=[0xffc00000-0xffffffff] (4MB) from e820 map
Dec 11 21:38:55 lfs kernel: [    0.000000] e820: remove [mem 0xffc00000-0xffffffff] reserved
Dec 11 21:38:55 lfs kernel: [    0.000000] SMBIOS 2.8 present.
Dec 11 21:38:55 lfs kernel: [    0.000000] DMI: QEMU Standard PC (i440FX + PIIX, 1996), BIOS 0.0.0 02/06/2015
Dec 11 21:38:55 lfs kernel: [    0.000000] Hypervisor detected: KVM
Dec 11 21:38:55 lfs kernel: [    0.000000] kvm-clock: Using msrs 4b564d01 and 4b564d00
Dec 11 21:38:55 lfs kernel: [    0.000000] kvm-clock: using sched offset of 919812079501 cycles
Dec 11 21:38:55 lfs kernel: [    0.000001] clocksource: kvm-clock: mask: 0xffffffffffffffff max_cycles: 0x1cd42e4dffb, max_idle_ns: 881590591483 ns
Dec 11 21:38:55 lfs kernel: [    0.000003] tsc: Detected 2112.000 MHz processor
Dec 11 21:38:55 lfs kernel: [    0.000065] e820: update [mem 0x00000000-0x00000fff] usable ==> reserved
Dec 11 21:38:55 lfs kernel: [    0.000067] e820: remove [mem 0x000a0000-0x000fffff] usable
Dec 11 21:38:55 lfs kernel: [    0.000070] last_pfn = 0x140000 max_arch_pfn = 0x400000000
Dec 11 21:38:55 lfs kernel: [    0.000088] MTRR map: 4 entries (2 fixed + 2 variable; max 18), built from 8 variable MTRRs
Dec 11 21:38:55 lfs kernel: [    0.000090] x86/PAT: Configuration [0-7]: WB  WC  UC- UC  WB  WP  UC- WT
Dec 11 21:38:55 lfs kernel: [    0.000113] last_pfn = 0xbff7c max_arch_pfn = 0x400000000
Dec 11 21:38:55 lfs kernel: [    0.004355] Using GB pages for direct mapping
Dec 11 21:38:55 lfs kernel: [    0.004514] Secure boot disabled
Dec 11 21:38:55 lfs kernel: [    0.004514] ACPI: Early table checksum verification disabled
Dec 11 21:38:55 lfs kernel: [    0.004516] ACPI: RSDP 0x00000000BFB7D014 000024 (v02 BOCHS )
Dec 11 21:38:55 lfs kernel: [    0.004518] ACPI: XSDT 0x00000000BFB7C0E8 000044 (v01 BOCHS  BXPC     00000001      01000013)
Dec 11 21:38:55 lfs kernel: [    0.004521] ACPI: FACP 0x00000000BFB79000 000074 (v01 BOCHS  BXPC     00000001 BXPC 00000001)
Dec 11 21:38:55 lfs kernel: [    0.004524] ACPI: DSDT 0x00000000BFB7A000 001A1C (v01 BOCHS  BXPC     00000001 BXPC 00000001)
Dec 11 21:38:55 lfs kernel: [    0.004526] ACPI: FACS 0x00000000BFBDC000 000040
Dec 11 21:38:55 lfs kernel: [    0.004527] ACPI: APIC 0x00000000BFB78000 0000D0 (v01 BOCHS  BXPC     00000001 BXPC 00000001)
Dec 11 21:38:55 lfs kernel: [    0.004529] ACPI: WAET 0x00000000BFB77000 000028 (v01 BOCHS  BXPC     00000001 BXPC 00000001)
Dec 11 21:38:55 lfs kernel: [    0.004530] ACPI: BGRT 0x00000000BFB76000 000038 (v01 INTEL  EDK2     00000002      01000013)
Dec 11 21:38:55 lfs kernel: [    0.004531] ACPI: Reserving FACP table memory at [mem 0xbfb79000-0xbfb79073]
Dec 11 21:38:55 lfs kernel: [    0.004532] ACPI: Reserving DSDT table memory at [mem 0xbfb7a000-0xbfb7ba1b]
Dec 11 21:38:55 lfs kernel: [    0.004533] ACPI: Reserving FACS table memory at [mem 0xbfbdc000-0xbfbdc03f]
Dec 11 21:38:55 lfs kernel: [    0.004533] ACPI: Reserving APIC table memory at [mem 0xbfb78000-0xbfb780cf]
Dec 11 21:38:55 lfs kernel: [    0.004534] ACPI: Reserving WAET table memory at [mem 0xbfb77000-0xbfb77027]
Dec 11 21:38:55 lfs kernel: [    0.004534] ACPI: Reserving BGRT table memory at [mem 0xbfb76000-0xbfb76037]
Dec 11 21:38:55 lfs kernel: [    0.004676] No NUMA configuration found
Dec 11 21:38:55 lfs kernel: [    0.004676] Faking a node at [mem 0x0000000000000000-0x000000013fffffff]
Dec 11 21:38:55 lfs kernel: [    0.004678] NODE_DATA(0) allocated [mem 0x13fffa000-0x13fffdfff]
Dec 11 21:38:55 lfs kernel: [    0.004687] Zone ranges:
Dec 11 21:38:55 lfs kernel: [    0.004688]   DMA      [mem 0x0000000000001000-0x0000000000ffffff]
Dec 11 21:38:55 lfs kernel: [    0.004689]   DMA32    [mem 0x0000000001000000-0x00000000ffffffff]
Dec 11 21:38:55 lfs kernel: [    0.004690]   Normal   [mem 0x0000000100000000-0x000000013fffffff]
Dec 11 21:38:55 lfs kernel: [    0.004691] Movable zone start for each node
Dec 11 21:38:55 lfs kernel: [    0.004691] Early memory node ranges
Dec 11 21:38:55 lfs kernel: [    0.004691]   node   0: [mem 0x0000000000001000-0x000000000009ffff]
Dec 11 21:38:55 lfs kernel: [    0.004692]   node   0: [mem 0x0000000000100000-0x00000000bee40fff]
Dec 11 21:38:55 lfs kernel: [    0.004693]   node   0: [mem 0x00000000bef43000-0x00000000bf8edfff]
Dec 11 21:38:55 lfs kernel: [    0.004693]   node   0: [mem 0x00000000bfbfe000-0x00000000bff7bfff]
Dec 11 21:38:55 lfs kernel: [    0.004694]   node   0: [mem 0x0000000100000000-0x000000013fffffff]
Dec 11 21:38:55 lfs kernel: [    0.004694] Initmem setup node 0 [mem 0x0000000000001000-0x000000013fffffff]
Dec 11 21:38:55 lfs kernel: [    0.004698] On node 0, zone DMA: 1 pages in unavailable ranges
Dec 11 21:38:55 lfs kernel: [    0.004722] On node 0, zone DMA: 96 pages in unavailable ranges
Dec 11 21:38:55 lfs kernel: [    0.010126] On node 0, zone DMA32: 258 pages in unavailable ranges
Dec 11 21:38:55 lfs kernel: [    0.010139] On node 0, zone DMA32: 784 pages in unavailable ranges
Dec 11 21:38:55 lfs kernel: [    0.011904] On node 0, zone Normal: 132 pages in unavailable ranges
Dec 11 21:38:55 lfs kernel: [    0.012157] ACPI: PM-Timer IO Port: 0xb008
Dec 11 21:38:55 lfs kernel: [    0.012160] ACPI: LAPIC_NMI (acpi_id[0xff] dfl dfl lint[0x1])
Dec 11 21:38:55 lfs kernel: [    0.012183] IOAPIC[0]: apic_id 0, version 17, address 0xfec00000, GSI 0-23
Dec 11 21:38:55 lfs kernel: [    0.012185] ACPI: INT_SRC_OVR (bus 0 bus_irq 0 global_irq 2 dfl dfl)
Dec 11 21:38:55 lfs kernel: [    0.012185] ACPI: INT_SRC_OVR (bus 0 bus_irq 5 global_irq 5 high level)
Dec 11 21:38:55 lfs kernel: [    0.012186] ACPI: INT_SRC_OVR (bus 0 bus_irq 9 global_irq 9 high level)
Dec 11 21:38:55 lfs kernel: [    0.012187] ACPI: INT_SRC_OVR (bus 0 bus_irq 10 global_irq 10 high level)
Dec 11 21:38:55 lfs kernel: [    0.012187] ACPI: INT_SRC_OVR (bus 0 bus_irq 11 global_irq 11 high level)
Dec 11 21:38:55 lfs kernel: [    0.012189] ACPI: Using ACPI (MADT) for SMP configuration information
Dec 11 21:38:55 lfs kernel: [    0.012189] TSC deadline timer available
Dec 11 21:38:55 lfs kernel: [    0.012190] smpboot: Allowing 12 CPUs, 0 hotplug CPUs
Dec 11 21:38:55 lfs kernel: [    0.012199] kvm-guest: APIC: eoi() replaced with kvm_guest_apic_eoi_write()
Dec 11 21:38:55 lfs kernel: [    0.012207] PM: hibernation: Registered nosave memory: [mem 0x00000000-0x00000fff]
Dec 11 21:38:55 lfs kernel: [    0.012207] PM: hibernation: Registered nosave memory: [mem 0x000a0000-0x000fffff]
Dec 11 21:38:55 lfs kernel: [    0.012208] PM: hibernation: Registered nosave memory: [mem 0xbee41000-0xbef42fff]
Dec 11 21:38:55 lfs kernel: [    0.012209] PM: hibernation: Registered nosave memory: [mem 0xbf8ee000-0xbf9edfff]
Dec 11 21:38:55 lfs kernel: [    0.012209] PM: hibernation: Registered nosave memory: [mem 0xbf9ee000-0xbfaedfff]
Dec 11 21:38:55 lfs kernel: [    0.012209] PM: hibernation: Registered nosave memory: [mem 0xbfaee000-0xbfb6dfff]
Dec 11 21:38:55 lfs kernel: [    0.012210] PM: hibernation: Registered nosave memory: [mem 0xbfb6e000-0xbfb7dfff]
Dec 11 21:38:55 lfs kernel: [    0.012210] PM: hibernation: Registered nosave memory: [mem 0xbfb7e000-0xbfbfdfff]
Dec 11 21:38:55 lfs kernel: [    0.012211] PM: hibernation: Registered nosave memory: [mem 0xbff7c000-0xbfffffff]
Dec 11 21:38:55 lfs kernel: [    0.012211] PM: hibernation: Registered nosave memory: [mem 0xc0000000-0xffffffff]
Dec 11 21:38:55 lfs kernel: [    0.012211] [mem 0xc0000000-0xffffffff] available for PCI devices
Dec 11 21:38:55 lfs kernel: [    0.012213] Booting paravirtualized kernel on KVM
Dec 11 21:38:55 lfs kernel: [    0.012214] clocksource: refined-jiffies: mask: 0xffffffff max_cycles: 0xffffffff, max_idle_ns: 1910969940391419 ns
Dec 11 21:38:55 lfs kernel: [    0.015525] setup_percpu: NR_CPUS:64 nr_cpumask_bits:12 nr_cpu_ids:12 nr_node_ids:1
Dec 11 21:38:55 lfs kernel: [    0.015987] percpu: Embedded 56 pages/cpu s188520 r8192 d32664 u262144
Dec 11 21:38:55 lfs kernel: [    0.015990] pcpu-alloc: s188520 r8192 d32664 u262144 alloc=1*2097152
Dec 11 21:38:55 lfs kernel: [    0.015991] pcpu-alloc: [0] 00 01 02 03 04 05 06 07 [0] 08 09 10 11 -- -- -- --
Dec 11 21:38:55 lfs kernel: [    0.016005] kvm-guest: PV spinlocks disabled, no host support
Dec 11 21:38:55 lfs kernel: [    0.016005] Kernel command line: BOOT_IMAGE=/vmlinuz-next-20231211-chamada root=PARTUUID=ca756fd0-7b3a-457d-ae17-2adfaf39a6c8 ro
Dec 11 21:38:55 lfs kernel: [    0.016016] Unknown kernel command line parameters "BOOT_IMAGE=/vmlinuz-next-20231211-chamada", will be passed to user space.
Dec 11 21:38:55 lfs kernel: [    0.016031] random: crng init done
Dec 11 21:38:55 lfs kernel: [    0.016357] Dentry cache hash table entries: 524288 (order: 10, 4194304 bytes, linear)
Dec 11 21:38:55 lfs kernel: [    0.016598] Inode-cache hash table entries: 262144 (order: 9, 2097152 bytes, linear)
Dec 11 21:38:55 lfs kernel: [    0.016688] Fallback order for Node 0: 0
Dec 11 21:38:55 lfs kernel: [    0.016690] Built 1 zonelists, mobility grouping on.  Total pages: 1028763
Dec 11 21:38:55 lfs kernel: [    0.016690] Policy zone: Normal
Dec 11 21:38:55 lfs kernel: [    0.016691] mem auto-init: stack:all(zero), heap alloc:off, heap free:off
Dec 11 21:38:55 lfs kernel: [    0.016693] software IO TLB: area num 16.
Dec 11 21:38:55 lfs kernel: [    0.037911] Memory: 3980308K/4189220K available (16384K kernel code, 2714K rwdata, 4948K rodata, 2660K init, 1888K bss, 208652K reserved, 0K cma-reserved)
Dec 11 21:38:55 lfs kernel: [    0.037932] SLUB: HWalign=64, Order=0-3, MinObjects=0, CPUs=12, Nodes=1
Dec 11 21:38:55 lfs kernel: [    0.038540] Dynamic Preempt: voluntary
Dec 11 21:38:55 lfs kernel: [    0.038566] rcu: Preemptible hierarchical RCU implementation.
Dec 11 21:38:55 lfs kernel: [    0.038567] rcu: ^IRCU restricting CPUs from NR_CPUS=64 to nr_cpu_ids=12.
Dec 11 21:38:55 lfs kernel: [    0.038567] ^ITrampoline variant of Tasks RCU enabled.
Dec 11 21:38:55 lfs kernel: [    0.038568] rcu: RCU calculated value of scheduler-enlistment delay is 100 jiffies.
Dec 11 21:38:55 lfs kernel: [    0.038568] rcu: Adjusting geometry for rcu_fanout_leaf=16, nr_cpu_ids=12
Dec 11 21:38:55 lfs kernel: [    0.039274] NR_IRQS: 4352, nr_irqs: 520, preallocated irqs: 16
Dec 11 21:38:55 lfs kernel: [    0.039435] rcu: srcu_init: Setting srcu_struct sizes based on contention.
Dec 11 21:38:55 lfs kernel: [    0.039460] Console: colour dummy device 80x25
Dec 11 21:38:55 lfs kernel: [    0.039462] printk: legacy console [tty0] enabled
Dec 11 21:38:55 lfs kernel: [    0.039541] ACPI: Core revision 20230628
Dec 11 21:38:55 lfs kernel: [    0.039557] APIC: Switch to symmetric I/O mode setup
Dec 11 21:38:55 lfs kernel: [    0.039561] APIC: Switched APIC routing to: physical flat
Dec 11 21:38:55 lfs kernel: [    0.040022] clocksource: tsc-early: mask: 0xffffffffffffffff max_cycles: 0x1e71785e5dd, max_idle_ns: 440795244814 ns
Dec 11 21:38:55 lfs kernel: [    0.040026] Calibrating delay loop (skipped) preset value.. 4224.00 BogoMIPS (lpj=2112000)
Dec 11 21:38:55 lfs kernel: [    0.040087] x86/cpu: User Mode Instruction Prevention (UMIP) activated
Dec 11 21:38:55 lfs kernel: [    0.040126] Last level iTLB entries: 4KB 0, 2MB 0, 4MB 0
Dec 11 21:38:55 lfs kernel: [    0.040128] Last level dTLB entries: 4KB 0, 2MB 0, 4MB 0, 1GB 0
Dec 11 21:38:55 lfs kernel: [    0.040131] Spectre V1 : Mitigation: usercopy/swapgs barriers and __user pointer sanitization
Dec 11 21:38:55 lfs kernel: [    0.040133] Spectre V2 : Mitigation: Enhanced / Automatic IBRS
Dec 11 21:38:55 lfs kernel: [    0.040134] Spectre V2 : Spectre v2 / SpectreRSB mitigation: Filling RSB on context switch
Dec 11 21:38:55 lfs kernel: [    0.040135] Spectre V2 : Spectre v2 / PBRSB-eIBRS: Retire a single CALL on VMEXIT
Dec 11 21:38:55 lfs kernel: [    0.040136] RETBleed: Mitigation: Enhanced IBRS
Dec 11 21:38:55 lfs kernel: [    0.040137] Spectre V2 : mitigation: Enabling conditional Indirect Branch Prediction Barrier
Dec 11 21:38:55 lfs kernel: [    0.040139] Speculative Store Bypass: Mitigation: Speculative Store Bypass disabled via prctl
Dec 11 21:38:55 lfs kernel: [    0.040143] MMIO Stale Data: Vulnerable: Clear CPU buffers attempted, no microcode
Dec 11 21:38:55 lfs kernel: [    0.040145] GDS: Unknown: Dependent on hypervisor status
Dec 11 21:38:55 lfs kernel: [    0.040158] x86/fpu: Supporting XSAVE feature 0x001: 'x87 floating point registers'
Dec 11 21:38:55 lfs kernel: [    0.040159] x86/fpu: Supporting XSAVE feature 0x002: 'SSE registers'
Dec 11 21:38:55 lfs kernel: [    0.040161] x86/fpu: Supporting XSAVE feature 0x004: 'AVX registers'
Dec 11 21:38:55 lfs kernel: [    0.040161] x86/fpu: Supporting XSAVE feature 0x200: 'Protection Keys User registers'
Dec 11 21:38:55 lfs kernel: [    0.040163] x86/fpu: xstate_offset[2]:  576, xstate_sizes[2]:  256
Dec 11 21:38:55 lfs kernel: [    0.040164] x86/fpu: xstate_offset[9]:  832, xstate_sizes[9]:    8
Dec 11 21:38:55 lfs kernel: [    0.040165] x86/fpu: Enabled xstate features 0x207, context size is 840 bytes, using 'compacted' format.
Dec 11 21:38:55 lfs kernel: [    0.041025] Freeing SMP alternatives memory: 44K
Dec 11 21:38:55 lfs kernel: [    0.041025] pid_max: default: 32768 minimum: 301
Dec 11 21:38:55 lfs kernel: [    0.041025] LSM: initializing lsm=capability,selinux,integrity
Dec 11 21:38:55 lfs kernel: [    0.041025] SELinux:  Initializing.
Dec 11 21:38:55 lfs kernel: [    0.041025] Mount-cache hash table entries: 8192 (order: 4, 65536 bytes, linear)
Dec 11 21:38:55 lfs kernel: [    0.041025] Mountpoint-cache hash table entries: 8192 (order: 4, 65536 bytes, linear)
Dec 11 21:38:55 lfs kernel: [    0.041025] smpboot: CPU0: Intel Xeon Processor (Cooperlake) (family: 0x6, model: 0x55, stepping: 0xa)
Dec 11 21:38:55 lfs kernel: [    0.041025] RCU Tasks: Setting shift to 4 and lim to 1 rcu_task_cb_adjust=1.
Dec 11 21:38:55 lfs kernel: [    0.041025] Performance Events: unsupported p6 CPU model 85 no PMU driver, software events only.
Dec 11 21:38:55 lfs kernel: [    0.041025] signal: max sigframe size: 3232
Dec 11 21:38:55 lfs kernel: [    0.041025] rcu: Hierarchical SRCU implementation.
Dec 11 21:38:55 lfs kernel: [    0.041025] rcu: ^IMax phase no-delay instances is 400.
Dec 11 21:38:55 lfs kernel: [    0.041025] smp: Bringing up secondary CPUs ...
Dec 11 21:38:55 lfs kernel: [    0.041025] smpboot: x86: Booting SMP configuration:
Dec 11 21:38:55 lfs kernel: [    0.041025] .... node  #0, CPUs:        #1  #2  #3  #4  #5  #6  #7  #8  #9 #10 #11
Dec 11 21:38:55 lfs kernel: [    0.001585] smpboot: CPU 1 Converting physical 0 to logical die 1
Dec 11 21:38:55 lfs kernel: [    0.001585] smpboot: CPU 2 Converting physical 0 to logical die 2
Dec 11 21:38:55 lfs kernel: [    0.001585] smpboot: CPU 3 Converting physical 0 to logical die 3
Dec 11 21:38:55 lfs kernel: [    0.001585] smpboot: CPU 4 Converting physical 0 to logical die 4
Dec 11 21:38:55 lfs kernel: [    0.001585] smpboot: CPU 5 Converting physical 0 to logical die 5
Dec 11 21:38:55 lfs kernel: [    0.001585] smpboot: CPU 6 Converting physical 0 to logical die 6
Dec 11 21:38:55 lfs kernel: [    0.001585] smpboot: CPU 7 Converting physical 0 to logical die 7
Dec 11 21:38:55 lfs kernel: [    0.001585] smpboot: CPU 8 Converting physical 0 to logical die 8
Dec 11 21:38:55 lfs kernel: [    0.001585] smpboot: CPU 9 Converting physical 0 to logical die 9
Dec 11 21:38:55 lfs kernel: [    0.001585] smpboot: CPU 10 Converting physical 0 to logical die 10
Dec 11 21:38:55 lfs kernel: [    0.001585] smpboot: CPU 11 Converting physical 0 to logical die 11
Dec 11 21:38:55 lfs kernel: [    0.052336] smp: Brought up 1 node, 12 CPUs
Dec 11 21:38:55 lfs kernel: [    0.052344] smpboot: Max logical packages: 12
Dec 11 21:38:55 lfs kernel: [    0.052345] smpboot: Total of 12 processors activated (50688.00 BogoMIPS)
Dec 11 21:38:55 lfs kernel: [    0.053106] devtmpfs: initialized
Dec 11 21:38:55 lfs kernel: [    0.054191] ACPI: PM: Registering ACPI NVS region [mem 0xbfb7e000-0xbfbfdfff] (524288 bytes)
Dec 11 21:38:55 lfs kernel: [    0.054191] clocksource: jiffies: mask: 0xffffffff max_cycles: 0xffffffff, max_idle_ns: 1911260446275000 ns
Dec 11 21:38:55 lfs kernel: [    0.054191] futex hash table entries: 4096 (order: 6, 262144 bytes, linear)
Dec 11 21:38:55 lfs kernel: [    0.054191] PM: RTC time: 21:38:52, date: 2023-12-11
Dec 11 21:38:55 lfs kernel: [    0.054406] NET: Registered PF_NETLINK/PF_ROUTE protocol family
Dec 11 21:38:55 lfs kernel: [    0.054443] audit: initializing netlink subsys (disabled)
Dec 11 21:38:55 lfs kernel: [    0.054453] audit: type=2000 audit(1702330730.547:1): state=initialized audit_enabled=0 res=1
Dec 11 21:38:55 lfs kernel: [    0.054453] thermal_sys: Registered thermal governor 'step_wise'
Dec 11 21:38:55 lfs kernel: [    0.054453] thermal_sys: Registered thermal governor 'user_space'
Dec 11 21:38:55 lfs kernel: [    0.054453] cpuidle: using governor menu
Dec 11 21:38:55 lfs kernel: [    0.055133] PCI: Using configuration type 1 for base access
Dec 11 21:38:55 lfs kernel: [    0.055223] kprobes: kprobe jump-optimization is enabled. All kprobes are optimized if possible.
Dec 11 21:38:55 lfs kernel: [    0.064372] HugeTLB: registered 2.00 MiB page size, pre-allocated 0 pages
Dec 11 21:38:55 lfs kernel: [    0.064374] HugeTLB: 28 KiB vmemmap can be freed for a 2.00 MiB page
Dec 11 21:38:55 lfs kernel: [    0.064452] ACPI: Added _OSI(Module Device)
Dec 11 21:38:55 lfs kernel: [    0.064453] ACPI: Added _OSI(Processor Device)
Dec 11 21:38:55 lfs kernel: [    0.064454] ACPI: Added _OSI(3.0 _SCP Extensions)
Dec 11 21:38:55 lfs kernel: [    0.064455] ACPI: Added _OSI(Processor Aggregator Device)
Dec 11 21:38:55 lfs kernel: [    0.064653] ACPI: 1 ACPI AML tables successfully acquired and loaded
Dec 11 21:38:55 lfs kernel: [    0.067104] ACPI: _OSC evaluation for CPUs failed, trying _PDC
Dec 11 21:38:55 lfs kernel: [    0.067151] ACPI: Interpreter enabled
Dec 11 21:38:55 lfs kernel: [    0.067155] ACPI: PM: (supports S0 S5)
Dec 11 21:38:55 lfs kernel: [    0.067156] ACPI: Using IOAPIC for interrupt routing
Dec 11 21:38:55 lfs kernel: [    0.067161] PCI: Using host bridge windows from ACPI; if necessary, use "pci=nocrs" and report a bug
Dec 11 21:38:55 lfs kernel: [    0.067163] PCI: Using E820 reservations for host bridge windows
Dec 11 21:38:55 lfs kernel: [    0.067195] ACPI: Enabled 2 GPEs in block 00 to 0F
Dec 11 21:38:55 lfs kernel: [    0.068078] ACPI: PCI Root Bridge [PCI0] (domain 0000 [bus 00-ff])
Dec 11 21:38:55 lfs kernel: [    0.068082] acpi PNP0A03:00: _OSC: OS supports [ASPM ClockPM Segments MSI HPX-Type3]
Dec 11 21:38:55 lfs kernel: [    0.068083] acpi PNP0A03:00: _OSC: not requesting OS control; OS requires [ExtendedConfig ASPM ClockPM MSI]
Dec 11 21:38:55 lfs kernel: [    0.068087] acpi PNP0A03:00: fail to add MMCONFIG information, can't access extended configuration space under this bridge
Dec 11 21:38:55 lfs kernel: [    0.068195] PCI host bridge to bus 0000:00
Dec 11 21:38:55 lfs kernel: [    0.068196] pci_bus 0000:00: root bus resource [io  0x0000-0x0cf7 window]
Dec 11 21:38:55 lfs kernel: [    0.068198] pci_bus 0000:00: root bus resource [io  0x0d00-0xffff window]
Dec 11 21:38:55 lfs kernel: [    0.068199] pci_bus 0000:00: root bus resource [mem 0x000a0000-0x000bffff window]
Dec 11 21:38:55 lfs kernel: [    0.068200] pci_bus 0000:00: root bus resource [mem 0xc0000000-0xfebfffff window]
Dec 11 21:38:55 lfs kernel: [    0.068201] pci_bus 0000:00: root bus resource [mem 0x800000000-0x87fffffff window]
Dec 11 21:38:55 lfs kernel: [    0.068203] pci_bus 0000:00: root bus resource [bus 00-ff]
Dec 11 21:38:55 lfs kernel: [    0.068224] pci 0000:00:00.0: [8086:1237] type 00 class 0x060000
Dec 11 21:38:55 lfs kernel: [    0.068535] pci 0000:00:01.0: [8086:7000] type 00 class 0x060100
Dec 11 21:38:55 lfs kernel: [    0.068793] pci 0000:00:01.1: [8086:7010] type 00 class 0x010180
Dec 11 21:38:55 lfs kernel: [    0.069778] pci 0000:00:01.1: reg 0x20: [io  0xc1e0-0xc1ef]
Dec 11 21:38:55 lfs kernel: [    0.070137] pci 0000:00:01.1: legacy IDE quirk: reg 0x10: [io  0x01f0-0x01f7]
Dec 11 21:38:55 lfs kernel: [    0.070138] pci 0000:00:01.1: legacy IDE quirk: reg 0x14: [io  0x03f6]
Dec 11 21:38:55 lfs kernel: [    0.070139] pci 0000:00:01.1: legacy IDE quirk: reg 0x18: [io  0x0170-0x0177]
Dec 11 21:38:55 lfs kernel: [    0.070140] pci 0000:00:01.1: legacy IDE quirk: reg 0x1c: [io  0x0376]
Dec 11 21:38:55 lfs kernel: [    0.070208] pci 0000:00:01.3: [8086:7113] type 00 class 0x068000
Dec 11 21:38:55 lfs kernel: [    0.070412] pci 0000:00:01.3: quirk: [io  0xb000-0xb03f] claimed by PIIX4 ACPI
Dec 11 21:38:55 lfs kernel: [    0.070417] pci 0000:00:01.3: quirk: [io  0xb100-0xb10f] claimed by PIIX4 SMB
Dec 11 21:38:55 lfs kernel: [    0.070552] pci 0000:00:02.0: [1af4:1050] type 00 class 0x030000
Dec 11 21:38:55 lfs kernel: [    0.071343] pci 0000:00:02.0: reg 0x10: [mem 0xc0000000-0xc07fffff pref]
Dec 11 21:38:55 lfs kernel: [    0.072345] pci 0000:00:02.0: reg 0x18: [mem 0x800000000-0x800003fff 64bit pref]
Dec 11 21:38:55 lfs kernel: [    0.072943] pci 0000:00:02.0: reg 0x20: [mem 0xc08a8000-0xc08a8fff]
Dec 11 21:38:55 lfs kernel: [    0.073922] pci 0000:00:02.0: reg 0x30: [mem 0xffff0000-0xffffffff pref]
Dec 11 21:38:55 lfs kernel: [    0.076074] pci 0000:00:02.0: BAR 0: assigned to efifb
Dec 11 21:38:55 lfs kernel: [    0.076088] pci 0000:00:02.0: Video device with shadowed ROM at [mem 0x000c0000-0x000dffff]
Dec 11 21:38:55 lfs kernel: [    0.076462] pci 0000:00:03.0: [8086:100e] type 00 class 0x020000
Dec 11 21:38:55 lfs kernel: [    0.076959] pci 0000:00:03.0: reg 0x10: [mem 0xc0880000-0xc089ffff]
Dec 11 21:38:55 lfs kernel: [    0.077241] pci 0000:00:03.0: reg 0x14: [io  0xc140-0xc17f]
Dec 11 21:38:55 lfs kernel: [    0.081030] pci 0000:00:03.0: reg 0x30: [mem 0xfff80000-0xffffffff pref]
Dec 11 21:38:55 lfs kernel: [    0.081327] pci 0000:00:04.0: [8086:2668] type 00 class 0x040300
Dec 11 21:38:55 lfs kernel: [    0.081491] pci 0000:00:04.0: reg 0x10: [mem 0xc08a0000-0xc08a3fff]
Dec 11 21:38:55 lfs kernel: [    0.082858] pci 0000:00:05.0: [8086:2934] type 00 class 0x0c0300
Dec 11 21:38:55 lfs kernel: [    0.083816] pci 0000:00:05.0: reg 0x20: [io  0xc1c0-0xc1df]
Dec 11 21:38:55 lfs kernel: [    0.084301] pci 0000:00:05.1: [8086:2935] type 00 class 0x0c0300
Dec 11 21:38:55 lfs kernel: [    0.085383] pci 0000:00:05.1: reg 0x20: [io  0xc1a0-0xc1bf]
Dec 11 21:38:55 lfs kernel: [    0.085956] pci 0000:00:05.2: [8086:2936] type 00 class 0x0c0300
Dec 11 21:38:55 lfs kernel: [    0.086944] pci 0000:00:05.2: reg 0x20: [io  0xc180-0xc19f]
Dec 11 21:38:55 lfs kernel: [    0.087414] pci 0000:00:05.7: [8086:293a] type 00 class 0x0c0320
Dec 11 21:38:55 lfs kernel: [    0.087640] pci 0000:00:05.7: reg 0x10: [mem 0xc08a7000-0xc08a7fff]
Dec 11 21:38:55 lfs kernel: [    0.090435] pci 0000:00:06.0: [1af4:1003] type 00 class 0x078000
Dec 11 21:38:55 lfs kernel: [    0.090770] pci 0000:00:06.0: reg 0x10: [io  0xc100-0xc13f]
Dec 11 21:38:55 lfs kernel: [    0.091028] pci 0000:00:06.0: reg 0x14: [mem 0xc08a6000-0xc08a6fff]
Dec 11 21:38:55 lfs kernel: [    0.092027] pci 0000:00:06.0: reg 0x20: [mem 0x800004000-0x800007fff 64bit pref]
Dec 11 21:38:55 lfs kernel: [    0.092835] pci 0000:00:07.0: [1af4:1002] type 00 class 0x00ff00
Dec 11 21:38:55 lfs kernel: [    0.093272] pci 0000:00:07.0: reg 0x10: [io  0xc0c0-0xc0ff]
Dec 11 21:38:55 lfs kernel: [    0.094310] pci 0000:00:07.0: reg 0x20: [mem 0x800008000-0x80000bfff 64bit pref]
Dec 11 21:38:55 lfs kernel: [    0.094982] pci 0000:00:08.0: [1af4:1009] type 00 class 0x000200
Dec 11 21:38:55 lfs kernel: [    0.095218] pci 0000:00:08.0: reg 0x10: [io  0xc080-0xc0bf]
Dec 11 21:38:55 lfs kernel: [    0.095626] pci 0000:00:08.0: reg 0x14: [mem 0xc08a5000-0xc08a5fff]
Dec 11 21:38:55 lfs kernel: [    0.097026] pci 0000:00:08.0: reg 0x20: [mem 0x80000c000-0x80000ffff 64bit pref]
Dec 11 21:38:55 lfs kernel: [    0.097965] pci 0000:00:09.0: [1af4:1001] type 00 class 0x010000
Dec 11 21:38:55 lfs kernel: [    0.098300] pci 0000:00:09.0: reg 0x10: [io  0xc000-0xc07f]
Dec 11 21:38:55 lfs kernel: [    0.098850] pci 0000:00:09.0: reg 0x14: [mem 0xc08a4000-0xc08a4fff]
Dec 11 21:38:55 lfs kernel: [    0.101866] pci 0000:00:09.0: reg 0x20: [mem 0x800010000-0x800013fff 64bit pref]
Dec 11 21:38:55 lfs kernel: [    0.102693] ACPI: PCI: Interrupt link LNKA configured for IRQ 10
Dec 11 21:38:55 lfs kernel: [    0.102736] ACPI: PCI: Interrupt link LNKB configured for IRQ 10
Dec 11 21:38:55 lfs kernel: [    0.102769] ACPI: PCI: Interrupt link LNKC configured for IRQ 11
Dec 11 21:38:55 lfs kernel: [    0.102801] ACPI: PCI: Interrupt link LNKD configured for IRQ 11
Dec 11 21:38:55 lfs kernel: [    0.102820] ACPI: PCI: Interrupt link LNKS configured for IRQ 9
Dec 11 21:38:55 lfs kernel: [    0.103048] iommu: Default domain type: Translated
Dec 11 21:38:55 lfs kernel: [    0.103049] iommu: DMA domain TLB invalidation policy: lazy mode
Dec 11 21:38:55 lfs kernel: [    0.103101] SCSI subsystem initialized
Dec 11 21:38:55 lfs kernel: [    0.103113] libata version 3.00 loaded.
Dec 11 21:38:55 lfs kernel: [    0.103113] ACPI: bus type USB registered
Dec 11 21:38:55 lfs kernel: [    0.103113] usbcore: registered new interface driver usbfs
Dec 11 21:38:55 lfs kernel: [    0.103113] usbcore: registered new interface driver hub
Dec 11 21:38:55 lfs kernel: [    0.103113] usbcore: registered new device driver usb
Dec 11 21:38:55 lfs kernel: [    0.103113] pps_core: LinuxPPS API ver. 1 registered
Dec 11 21:38:55 lfs kernel: [    0.103113] pps_core: Software ver. 5.3.6 - Copyright 2005-2007 Rodolfo Giometti <giometti@linux.it>
Dec 11 21:38:55 lfs kernel: [    0.103113] PTP clock support registered
Dec 11 21:38:55 lfs kernel: [    0.103113] EDAC MC: Ver: 3.0.0
Dec 11 21:38:55 lfs kernel: [    0.103154] efivars: Registered efivars operations
Dec 11 21:38:55 lfs kernel: [    0.103154] Advanced Linux Sound Architecture Driver Initialized.
Dec 11 21:38:55 lfs kernel: [    0.103190] NetLabel: Initializing
Dec 11 21:38:55 lfs kernel: [    0.103191] NetLabel:  domain hash size = 128
Dec 11 21:38:55 lfs kernel: [    0.103191] NetLabel:  protocols = UNLABELED CIPSOv4 CALIPSO
Dec 11 21:38:55 lfs kernel: [    0.103200] NetLabel:  unlabeled traffic allowed by default
Dec 11 21:38:55 lfs kernel: [    0.103210] PCI: Using ACPI for IRQ routing
Dec 11 21:38:55 lfs kernel: [    0.103210] PCI: pci_cache_line_size set to 64 bytes
Dec 11 21:38:55 lfs kernel: [    0.103210] e820: reserve RAM buffer [mem 0xbee41000-0xbfffffff]
Dec 11 21:38:55 lfs kernel: [    0.103210] e820: reserve RAM buffer [mem 0xbf8ee000-0xbfffffff]
Dec 11 21:38:55 lfs kernel: [    0.103210] e820: reserve RAM buffer [mem 0xbff7c000-0xbfffffff]
Dec 11 21:38:55 lfs kernel: [    0.103210] pci 0000:00:02.0: vgaarb: setting as boot VGA device
Dec 11 21:38:55 lfs kernel: [    0.103210] pci 0000:00:02.0: vgaarb: bridge control possible
Dec 11 21:38:55 lfs kernel: [    0.103210] pci 0000:00:02.0: vgaarb: VGA device added: decodes=io+mem,owns=io+mem,locks=none
Dec 11 21:38:55 lfs kernel: [    0.103210] vgaarb: loaded
Dec 11 21:38:55 lfs kernel: [    0.104071] clocksource: Switched to clocksource kvm-clock
Dec 11 21:38:55 lfs kernel: [    0.104071] VFS: Disk quotas dquot_6.6.0
Dec 11 21:38:55 lfs kernel: [    0.104074] VFS: Dquot-cache hash table entries: 512 (order 0, 4096 bytes)
Dec 11 21:38:55 lfs kernel: [    0.104102] pnp: PnP ACPI init
Dec 11 21:38:55 lfs kernel: [    0.104157] pnp 00:03: [dma 2]
Dec 11 21:38:55 lfs kernel: [    0.104216] pnp: PnP ACPI: found 5 devices
Dec 11 21:38:55 lfs kernel: [    0.110490] clocksource: acpi_pm: mask: 0xffffff max_cycles: 0xffffff, max_idle_ns: 2085701024 ns
Dec 11 21:38:55 lfs kernel: [    0.110511] NET: Registered PF_INET protocol family
Dec 11 21:38:55 lfs kernel: [    0.110568] IP idents hash table entries: 65536 (order: 7, 524288 bytes, linear)
Dec 11 21:38:55 lfs kernel: [    0.110965] tcp_listen_portaddr_hash hash table entries: 2048 (order: 3, 32768 bytes, linear)
Dec 11 21:38:55 lfs kernel: [    0.110970] Table-perturb hash table entries: 65536 (order: 6, 262144 bytes, linear)
Dec 11 21:38:55 lfs kernel: [    0.110972] TCP established hash table entries: 32768 (order: 6, 262144 bytes, linear)
Dec 11 21:38:55 lfs kernel: [    0.110999] TCP bind hash table entries: 32768 (order: 8, 1048576 bytes, linear)
Dec 11 21:38:55 lfs kernel: [    0.111092] TCP: Hash tables configured (established 32768 bind 32768)
Dec 11 21:38:55 lfs kernel: [    0.111117] UDP hash table entries: 2048 (order: 4, 65536 bytes, linear)
Dec 11 21:38:55 lfs kernel: [    0.111126] UDP-Lite hash table entries: 2048 (order: 4, 65536 bytes, linear)
Dec 11 21:38:55 lfs kernel: [    0.111150] NET: Registered PF_UNIX/PF_LOCAL protocol family
Dec 11 21:38:55 lfs kernel: [    0.111441] RPC: Registered named UNIX socket transport module.
Dec 11 21:38:55 lfs kernel: [    0.111444] RPC: Registered udp transport module.
Dec 11 21:38:55 lfs kernel: [    0.111445] RPC: Registered tcp transport module.
Dec 11 21:38:55 lfs kernel: [    0.111445] RPC: Registered tcp-with-tls transport module.
Dec 11 21:38:55 lfs kernel: [    0.111446] RPC: Registered tcp NFSv4.1 backchannel transport module.
Dec 11 21:38:55 lfs kernel: [    0.111721] pci 0000:00:03.0: can't claim BAR 6 [mem 0xfff80000-0xffffffff pref]: no compatible bridge window
Dec 11 21:38:55 lfs kernel: [    0.111727] pci 0000:00:03.0: BAR 6: assigned [mem 0xc0800000-0xc087ffff pref]
Dec 11 21:38:55 lfs kernel: [    0.111730] pci_bus 0000:00: resource 4 [io  0x0000-0x0cf7 window]
Dec 11 21:38:55 lfs kernel: [    0.111731] pci_bus 0000:00: resource 5 [io  0x0d00-0xffff window]
Dec 11 21:38:55 lfs kernel: [    0.111732] pci_bus 0000:00: resource 6 [mem 0x000a0000-0x000bffff window]
Dec 11 21:38:55 lfs kernel: [    0.111733] pci_bus 0000:00: resource 7 [mem 0xc0000000-0xfebfffff window]
Dec 11 21:38:55 lfs kernel: [    0.111735] pci_bus 0000:00: resource 8 [mem 0x800000000-0x87fffffff window]
Dec 11 21:38:55 lfs kernel: [    0.111754] pci 0000:00:01.0: PIIX3: Enabling Passive Release
Dec 11 21:38:55 lfs kernel: [    0.111760] pci 0000:00:00.0: Limiting direct PCI/PCI transfers
Dec 11 21:38:55 lfs kernel: [    0.118908] ACPI: \_SB_.LNKA: Enabled at IRQ 10
Dec 11 21:38:55 lfs kernel: [    0.125910] pci 0000:00:05.0: quirk_usb_early_handoff+0x0/0x7c0 took 13787 usecs
Dec 11 21:38:55 lfs kernel: [    0.132823] ACPI: \_SB_.LNKB: Enabled at IRQ 11
Dec 11 21:38:55 lfs kernel: [    0.139651] pci 0000:00:05.1: quirk_usb_early_handoff+0x0/0x7c0 took 13409 usecs
Dec 11 21:38:55 lfs kernel: [    0.146442] ACPI: \_SB_.LNKC: Enabled at IRQ 11
Dec 11 21:38:55 lfs kernel: [    0.153248] pci 0000:00:05.2: quirk_usb_early_handoff+0x0/0x7c0 took 13271 usecs
Dec 11 21:38:55 lfs kernel: [    0.159852] ACPI: \_SB_.LNKD: Enabled at IRQ 10
Dec 11 21:38:55 lfs kernel: [    0.166412] pci 0000:00:05.7: quirk_usb_early_handoff+0x0/0x7c0 took 12848 usecs
Dec 11 21:38:55 lfs kernel: [    0.166433] PCI: CLS 0 bytes, default 64
Dec 11 21:38:55 lfs kernel: [    0.166437] PCI-DMA: Using software bounce buffering for IO (SWIOTLB)
Dec 11 21:38:55 lfs kernel: [    0.166438] software IO TLB: mapped [mem 0x00000000b7fbe000-0x00000000bbfbe000] (64MB)
Dec 11 21:38:55 lfs kernel: [    0.167447] RAPL PMU: API unit is 2^-32 Joules, 0 fixed counters, 10737418240 ms ovfl timer
Dec 11 21:38:55 lfs kernel: [    0.167457] clocksource: tsc: mask: 0xffffffffffffffff max_cycles: 0x1e71785e5dd, max_idle_ns: 440795244814 ns
Dec 11 21:38:55 lfs kernel: [    0.168441] kworker/u31:0 (107) used greatest stack depth: 14048 bytes left
Dec 11 21:38:55 lfs kernel: [    0.170530] Initialise system trusted keyrings
Dec 11 21:38:55 lfs kernel: [    0.170625] workingset: timestamp_bits=56 max_order=20 bucket_order=0
Dec 11 21:38:55 lfs kernel: [    0.170687] NFS: Registering the id_resolver key type
Dec 11 21:38:55 lfs kernel: [    0.170690] Key type id_resolver registered
Dec 11 21:38:55 lfs kernel: [    0.170691] Key type id_legacy registered
Dec 11 21:38:55 lfs kernel: [    0.170707] fuse: init (API version 7.39)
Dec 11 21:38:55 lfs kernel: [    0.175360] Key type asymmetric registered
Dec 11 21:38:55 lfs kernel: [    0.175362] Asymmetric key parser 'x509' registered
Dec 11 21:38:55 lfs kernel: [    0.175369] Block layer SCSI generic (bsg) driver version 0.4 loaded (major 248)
Dec 11 21:38:55 lfs kernel: [    0.175370] io scheduler mq-deadline registered
Dec 11 21:38:55 lfs kernel: [    0.175372] io scheduler kyber registered
Dec 11 21:38:55 lfs kernel: [    0.175729] efifb: probing for efifb
Dec 11 21:38:55 lfs kernel: [    0.175734] efifb: framebuffer at 0xc0000000, using 4032k, total 4032k
Dec 11 21:38:55 lfs kernel: [    0.175735] efifb: mode is 1280x800x32, linelength=5120, pages=1
Dec 11 21:38:55 lfs kernel: [    0.175736] efifb: scrolling: redraw
Dec 11 21:38:55 lfs kernel: [    0.175737] efifb: Truecolor: size=8:8:8:8, shift=24:16:8:0
Dec 11 21:38:55 lfs kernel: [    0.177141] Console: switching to colour frame buffer device 160x50
Dec 11 21:38:55 lfs kernel: [    0.177502] fb0: EFI VGA frame buffer device
Dec 11 21:38:55 lfs kernel: [    0.177542] input: Power Button as /devices/LNXSYSTM:00/LNXPWRBN:00/input/input0
Dec 11 21:38:55 lfs kernel: [    0.177645] ACPI: button: Power Button [PWRF]
Dec 11 21:38:55 lfs kernel: [    0.177967] EINJ: EINJ table not found.
Dec 11 21:38:55 lfs kernel: [    0.216605] Serial: 8250/16550 driver, 4 ports, IRQ sharing enabled
Dec 11 21:38:55 lfs kernel: [    0.216747] 00:00: ttyS0 at I/O 0x3f8 (irq = 4, base_baud = 115200) is a 16550A
Dec 11 21:38:55 lfs kernel: [    0.221191] Non-volatile memory driver v1.3
Dec 11 21:38:55 lfs kernel: [    0.221217] Linux agpgart interface v0.103
Dec 11 21:38:55 lfs kernel: [    0.221307] ACPI: bus type drm_connector registered
Dec 11 21:38:55 lfs kernel: [    0.222555] loop: module loaded
Dec 11 21:38:55 lfs kernel: [    0.222633] virtio_blk virtio4: 1/0/0 default/read/poll queues
Dec 11 21:38:55 lfs kernel: [    0.222888] virtio_blk virtio4: [vda] 67108864 512-byte logical blocks (34.4 GB/32.0 GiB)
Dec 11 21:38:55 lfs kernel: [    0.223481]  vda: vda1 vda2 vda3
Dec 11 21:38:55 lfs kernel: [    0.223869] ata_piix 0000:00:01.1: version 2.13
Dec 11 21:38:55 lfs kernel: [    0.224128] scsi host0: ata_piix
Dec 11 21:38:55 lfs kernel: [    0.224228] scsi host1: ata_piix
Dec 11 21:38:55 lfs kernel: [    0.224273] ata1: PATA max MWDMA2 cmd 0x1f0 ctl 0x3f6 bmdma 0xc1e0 irq 14 lpm-pol 0
Dec 11 21:38:55 lfs kernel: [    0.224295] ata2: PATA max MWDMA2 cmd 0x170 ctl 0x376 bmdma 0xc1e8 irq 15 lpm-pol 0
Dec 11 21:38:55 lfs kernel: [    0.224380] wireguard: WireGuard 1.0.0 loaded. See www.wireguard.com for information.
Dec 11 21:38:55 lfs kernel: [    0.224411] wireguard: Copyright (C) 2015-2019 Jason A. Donenfeld <Jason@zx2c4.com>. All Rights Reserved.
Dec 11 21:38:55 lfs kernel: [    0.224491] e100: Intel(R) PRO/100 Network Driver
Dec 11 21:38:55 lfs kernel: [    0.225157] e100: Copyright(c) 1999-2006 Intel Corporation
Dec 11 21:38:55 lfs kernel: [    0.225283] e1000: Intel(R) PRO/1000 Network Driver
Dec 11 21:38:55 lfs kernel: [    0.225399] e1000: Copyright (c) 1999-2006 Intel Corporation.
Dec 11 21:38:55 lfs kernel: [    0.523936] e1000 0000:00:03.0 eth0: (PCI:33MHz:32-bit) 52:54:00:51:9e:06
Dec 11 21:38:55 lfs kernel: [    0.524759] e1000 0000:00:03.0 eth0: Intel(R) PRO/1000 Network Connection
Dec 11 21:38:55 lfs kernel: [    0.524904] e1000e: Intel(R) PRO/1000 Network Driver
Dec 11 21:38:55 lfs kernel: [    0.525047] e1000e: Copyright(c) 1999 - 2015 Intel Corporation.
Dec 11 21:38:55 lfs kernel: [    0.525166] sky2: driver version 1.30
Dec 11 21:38:55 lfs kernel: [    0.539539] ehci-pci 0000:00:05.7: EHCI Host Controller
Dec 11 21:38:55 lfs kernel: [    0.540606] ehci-pci 0000:00:05.7: new USB bus registered, assigned bus number 1
Dec 11 21:38:55 lfs kernel: [    0.540865] ehci-pci 0000:00:05.7: irq 10, io mem 0xc08a7000
Dec 11 21:38:55 lfs kernel: [    0.547747] ehci-pci 0000:00:05.7: USB 2.0 started, EHCI 1.00
Dec 11 21:38:55 lfs kernel: [    0.547888] usb usb1: New USB device found, idVendor=1d6b, idProduct=0002, bcdDevice= 6.07
Dec 11 21:38:55 lfs kernel: [    0.548006] usb usb1: New USB device strings: Mfr=3, Product=2, SerialNumber=1
Dec 11 21:38:55 lfs kernel: [    0.548120] usb usb1: Product: EHCI Host Controller
Dec 11 21:38:55 lfs kernel: [    0.548235] usb usb1: Manufacturer: Linux 6.7.0-rc4-next-20231211-chamada-gbbd220ce4e29 ehci_hcd
Dec 11 21:38:55 lfs kernel: [    0.548349] usb usb1: SerialNumber: 0000:00:05.7
Dec 11 21:38:55 lfs kernel: [    0.548598] hub 1-0:1.0: USB hub found
Dec 11 21:38:55 lfs kernel: [    0.548718] hub 1-0:1.0: 6 ports detected
Dec 11 21:38:55 lfs kernel: [    0.548943] uhci_hcd 0000:00:05.0: UHCI Host Controller
Dec 11 21:38:55 lfs kernel: [    0.549260] uhci_hcd 0000:00:05.0: new USB bus registered, assigned bus number 2
Dec 11 21:38:55 lfs kernel: [    0.549632] uhci_hcd 0000:00:05.0: irq 10, io port 0x0000c1c0
Dec 11 21:38:55 lfs kernel: [    0.549956] usb usb2: New USB device found, idVendor=1d6b, idProduct=0001, bcdDevice= 6.07
Dec 11 21:38:55 lfs kernel: [    0.550189] usb usb2: New USB device strings: Mfr=3, Product=2, SerialNumber=1
Dec 11 21:38:55 lfs kernel: [    0.550416] usb usb2: Product: UHCI Host Controller
Dec 11 21:38:55 lfs kernel: [    0.550650] usb usb2: Manufacturer: Linux 6.7.0-rc4-next-20231211-chamada-gbbd220ce4e29 uhci_hcd
Dec 11 21:38:55 lfs kernel: [    0.550861] usb usb2: SerialNumber: 0000:00:05.0
Dec 11 21:38:55 lfs kernel: [    0.551057] hub 2-0:1.0: USB hub found
Dec 11 21:38:55 lfs kernel: [    0.551176] hub 2-0:1.0: 2 ports detected
Dec 11 21:38:55 lfs kernel: [    0.558704] uhci_hcd 0000:00:05.1: UHCI Host Controller
Dec 11 21:38:55 lfs kernel: [    0.558863] uhci_hcd 0000:00:05.1: new USB bus registered, assigned bus number 3
Dec 11 21:38:55 lfs kernel: [    0.559023] uhci_hcd 0000:00:05.1: irq 11, io port 0x0000c1a0
Dec 11 21:38:55 lfs kernel: [    0.559168] usb usb3: New USB device found, idVendor=1d6b, idProduct=0001, bcdDevice= 6.07
Dec 11 21:38:55 lfs kernel: [    0.559283] usb usb3: New USB device strings: Mfr=3, Product=2, SerialNumber=1
Dec 11 21:38:55 lfs kernel: [    0.559397] usb usb3: Product: UHCI Host Controller
Dec 11 21:38:55 lfs kernel: [    0.559509] usb usb3: Manufacturer: Linux 6.7.0-rc4-next-20231211-chamada-gbbd220ce4e29 uhci_hcd
Dec 11 21:38:55 lfs kernel: [    0.559657] usb usb3: SerialNumber: 0000:00:05.1
Dec 11 21:38:55 lfs kernel: [    0.559839] hub 3-0:1.0: USB hub found
Dec 11 21:38:55 lfs kernel: [    0.560110] hub 3-0:1.0: 2 ports detected
Dec 11 21:38:55 lfs kernel: [    0.568278] uhci_hcd 0000:00:05.2: UHCI Host Controller
Dec 11 21:38:55 lfs kernel: [    0.568541] uhci_hcd 0000:00:05.2: new USB bus registered, assigned bus number 4
Dec 11 21:38:55 lfs kernel: [    0.568767] uhci_hcd 0000:00:05.2: irq 11, io port 0x0000c180
Dec 11 21:38:55 lfs kernel: [    0.568917] usb usb4: New USB device found, idVendor=1d6b, idProduct=0001, bcdDevice= 6.07
Dec 11 21:38:55 lfs kernel: [    0.569038] usb usb4: New USB device strings: Mfr=3, Product=2, SerialNumber=1
Dec 11 21:38:55 lfs kernel: [    0.569150] usb usb4: Product: UHCI Host Controller
Dec 11 21:38:55 lfs kernel: [    0.569266] usb usb4: Manufacturer: Linux 6.7.0-rc4-next-20231211-chamada-gbbd220ce4e29 uhci_hcd
Dec 11 21:38:55 lfs kernel: [    0.569381] usb usb4: SerialNumber: 0000:00:05.2
Dec 11 21:38:55 lfs kernel: [    0.569598] hub 4-0:1.0: USB hub found
Dec 11 21:38:55 lfs kernel: [    0.569769] hub 4-0:1.0: 2 ports detected
Dec 11 21:38:55 lfs kernel: [    0.570029] usbcore: registered new interface driver usblp
Dec 11 21:38:55 lfs kernel: [    0.570158] usbcore: registered new interface driver usb-storage
Dec 11 21:38:55 lfs kernel: [    0.570321] i8042: PNP: PS/2 Controller [PNP0303:KBD,PNP0f13:MOU] at 0x60,0x64 irq 1,12
Dec 11 21:38:55 lfs kernel: [    0.570918] serio: i8042 KBD port at 0x60,0x64 irq 1
Dec 11 21:38:55 lfs kernel: [    0.571034] serio: i8042 AUX port at 0x60,0x64 irq 12
Dec 11 21:38:55 lfs kernel: [    0.571271] mousedev: PS/2 mouse device common for all mice
Dec 11 21:38:55 lfs kernel: [    0.571567] rtc_cmos 00:04: RTC can wake from S4
Dec 11 21:38:55 lfs kernel: [    0.571840] input: AT Translated Set 2 keyboard as /devices/platform/i8042/serio0/input/input1
Dec 11 21:38:55 lfs kernel: [    0.572576] rtc_cmos 00:04: registered as rtc0
Dec 11 21:38:55 lfs kernel: [    0.572871] rtc_cmos 00:04: alarms up to one day, y3k, 242 bytes nvram
Dec 11 21:38:55 lfs kernel: [    0.573234] device-mapper: ioctl: 4.48.0-ioctl (2023-03-01) initialised: dm-devel@redhat.com
Dec 11 21:38:55 lfs kernel: [    0.573409] intel_pstate: CPU model not supported
Dec 11 21:38:55 lfs kernel: [    0.573531] pstore: Using crash dump compression: deflate
Dec 11 21:38:55 lfs kernel: [    0.573686] pstore: Registered efi_pstore as persistent store backend
Dec 11 21:38:55 lfs kernel: [    0.573809] hid: raw HID events driver (C) Jiri Kosina
Dec 11 21:38:55 lfs kernel: [    0.573985] usbcore: registered new interface driver usbhid
Dec 11 21:38:55 lfs kernel: [    0.574102] usbhid: USB HID core driver
Dec 11 21:38:55 lfs kernel: [    0.582132] ipip: IPv4 and MPLS over IPv4 tunneling driver
Dec 11 21:38:55 lfs kernel: [    0.582312] Initializing XFRM netlink socket
Dec 11 21:38:55 lfs kernel: [    0.582437] NET: Registered PF_INET6 protocol family
Dec 11 21:38:55 lfs kernel: [    0.582746] Segment Routing with IPv6
Dec 11 21:38:55 lfs kernel: [    0.582870] In-situ OAM (IOAM) with IPv6
Dec 11 21:38:55 lfs kernel: [    0.582994] mip6: Mobile IPv6
Dec 11 21:38:55 lfs kernel: [    0.583190] sit: IPv6, IPv4 and MPLS over IPv4 tunneling driver
Dec 11 21:38:55 lfs kernel: [    0.583434] NET: Registered PF_PACKET protocol family
Dec 11 21:38:55 lfs kernel: [    0.583556] Key type dns_resolver registered
Dec 11 21:38:55 lfs kernel: [    0.584199] snd_hda_intel 0000:00:04.0: Cannot probe codecs, giving up
Dec 11 21:38:55 lfs kernel: [    0.585114] IPI shorthand broadcast: enabled
Dec 11 21:38:55 lfs kernel: [    0.586406] sched_clock: Marking stable (585001990, 585971)->(810171599, -224583638)
Dec 11 21:38:55 lfs kernel: [    0.587599] registered taskstats version 1
Dec 11 21:38:55 lfs kernel: [    0.587750] Loading compiled-in X.509 certificates
Dec 11 21:38:55 lfs kernel: [    0.588458] PM:   Magic number: 3:673:651
Dec 11 21:38:55 lfs kernel: [    0.588601] acpi LNXCPU:04: hash matches
Dec 11 21:38:55 lfs kernel: [    0.588717] acpi PNP0A03:00: hash matches
Dec 11 21:38:55 lfs kernel: [    0.588834] printk: legacy console [netcon0] enabled
Dec 11 21:38:55 lfs kernel: [    0.588946] netconsole: network logging started
Dec 11 21:38:55 lfs kernel: [    0.589089] cfg80211: Loading compiled-in X.509 certificates for regulatory database
Dec 11 21:38:55 lfs kernel: [    0.589496] Loaded X.509 cert 'sforshee: 00b28ddf47aef9cea7'
Dec 11 21:38:55 lfs kernel: [    0.589640] ALSA device list:
Dec 11 21:38:55 lfs kernel: [    0.589753]   No soundcards found.
Dec 11 21:38:55 lfs kernel: [    0.589906] platform regulatory.0: Direct firmware load for regulatory.db failed with error -2
Dec 11 21:38:55 lfs kernel: [    0.590021] cfg80211: failed to load regulatory.db
Dec 11 21:38:55 lfs kernel: [    0.785921] usb 1-1: new high-speed USB device number 2 using ehci-pci
Dec 11 21:38:55 lfs kernel: [    0.923764] usb 1-1: New USB device found, idVendor=0627, idProduct=0001, bcdDevice= 0.00
Dec 11 21:38:55 lfs kernel: [    0.925264] usb 1-1: New USB device strings: Mfr=1, Product=3, SerialNumber=10
Dec 11 21:38:55 lfs kernel: [    0.925485] usb 1-1: Product: QEMU USB Tablet
Dec 11 21:38:55 lfs kernel: [    0.925714] usb 1-1: Manufacturer: QEMU
Dec 11 21:38:55 lfs kernel: [    0.925928] usb 1-1: SerialNumber: 28754-0000:00:05.7-1
Dec 11 21:38:55 lfs kernel: [    0.930446] input: QEMU QEMU USB Tablet as /devices/pci0000:00/0000:00:05.7/usb1/1-1/1-1:1.0/0003:0627:0001.0001/input/input4
Dec 11 21:38:55 lfs kernel: [    0.930836] hid-generic 0003:0627:0001.0001: input,hidraw0: USB HID v0.01 Mouse [QEMU QEMU USB Tablet] on usb-0000:00:05.7-1/input0
Dec 11 21:38:55 lfs kernel: [    1.044750] usb 1-4: new high-speed USB device number 3 using ehci-pci
Dec 11 21:38:55 lfs kernel: [    1.176737] usb 1-4: New USB device found, idVendor=0627, idProduct=0001, bcdDevice= 0.00
Dec 11 21:38:55 lfs kernel: [    1.177597] usb 1-4: New USB device strings: Mfr=1, Product=4, SerialNumber=11
Dec 11 21:38:55 lfs kernel: [    1.177719] usb 1-4: Product: QEMU USB Keyboard
Dec 11 21:38:55 lfs kernel: [    1.177838] usb 1-4: Manufacturer: QEMU
Dec 11 21:38:55 lfs kernel: [    1.177956] usb 1-4: SerialNumber: 68284-0000:00:05.7-4
Dec 11 21:38:55 lfs kernel: [    1.180070] input: QEMU QEMU USB Keyboard as /devices/pci0000:00/0000:00:05.7/usb1/1-4/1-4:1.0/0003:0627:0001.0002/input/input5
Dec 11 21:38:55 lfs kernel: [    1.192560] input: ImExPS/2 Generic Explorer Mouse as /devices/platform/i8042/serio1/input/input3
Dec 11 21:38:55 lfs kernel: [    1.231951] hid-generic 0003:0627:0001.0002: input,hidraw1: USB HID v1.11 Keyboard [QEMU QEMU USB Keyboard] on usb-0000:00:05.7-4/input0
Dec 11 21:38:55 lfs kernel: [    1.232950] md: Waiting for all devices to be available before autodetect
Dec 11 21:38:55 lfs kernel: [    1.233096] md: If you don't use raid, use raid=noautodetect
Dec 11 21:38:55 lfs kernel: [    1.233229] md: Autodetecting RAID arrays.
Dec 11 21:38:55 lfs kernel: [    1.233358] md: autorun ...
Dec 11 21:38:55 lfs kernel: [    1.233485] md: ... autorun DONE.
Dec 11 21:38:55 lfs kernel: [    1.234890] EXT4-fs (vda3): mounted filesystem 41a8ec51-1411-4d87-9f9e-f3c63c7c0452 ro with ordered data mode. Quota mode: none.
Dec 11 21:38:55 lfs kernel: [    1.235160] VFS: Mounted root (ext4 filesystem) readonly on device 253:3.
Dec 11 21:38:55 lfs kernel: [    1.235695] devtmpfs: mounted
Dec 11 21:38:55 lfs kernel: [    1.236913] Freeing unused kernel image (initmem) memory: 2660K
Dec 11 21:38:55 lfs kernel: [    1.251654] Write protecting the kernel read-only data: 22528k
Dec 11 21:38:55 lfs kernel: [    1.252417] Freeing unused kernel image (rodata/data gap) memory: 1196K
Dec 11 21:38:55 lfs kernel: [    1.252713] Run /sbin/init as init process
Dec 11 21:38:55 lfs kernel: [    1.253174]   with arguments:
Dec 11 21:38:55 lfs kernel: [    1.253175]     /sbin/init
Dec 11 21:38:55 lfs kernel: [    1.253175]   with environment:
Dec 11 21:38:55 lfs kernel: [    1.253176]     HOME=/
Dec 11 21:38:55 lfs kernel: [    1.253177]     TERM=linux
Dec 11 21:38:55 lfs kernel: [    1.253177]     BOOT_IMAGE=/vmlinuz-next-20231211-chamada
Dec 11 21:38:55 lfs kernel: [    1.260677] stty (1078) used greatest stack depth: 13280 bytes left
Dec 11 21:38:55 lfs kernel: [    1.267106] mount (1090) used greatest stack depth: 13184 bytes left
Dec 11 21:38:55 lfs kernel: [    1.268732] echo (1093) used greatest stack depth: 12960 bytes left
Dec 11 21:38:55 lfs kernel: [    1.295103] ip (1153) used greatest stack depth: 12720 bytes left
Dec 11 21:38:55 lfs kernel: <30>[    1.306334] udevd[1178]: starting version 3.2.11
Dec 11 21:38:55 lfs kernel: <30>[    1.308880] udevd[1179]: starting eudev-3.2.11
Dec 11 21:38:55 lfs kernel: [    1.318041] e1000 0000:00:03.0 ens3: renamed from eth0
Dec 11 21:38:55 lfs kernel: [    1.323109] [drm] pci: virtio-vga detected at 0000:00:02.0
Dec 11 21:38:55 lfs kernel: [    1.325486] Console: switching to colour dummy device 80x25
Dec 11 21:38:55 lfs kernel: [    1.325743] virtio-pci 0000:00:02.0: vgaarb: deactivate vga console
Dec 11 21:38:55 lfs kernel: [    1.325848] [drm] features: +virgl -edid -resource_blob -host_visible
Dec 11 21:38:55 lfs kernel: [    1.325849] [drm] features: -context_init
Dec 11 21:38:55 lfs kernel: [    1.326553] [drm] number of scanouts: 1
Dec 11 21:38:55 lfs kernel: [    1.326557] [drm] number of cap sets: 2
Dec 11 21:38:55 lfs kernel: [    1.328447] [drm] cap set 0: id 1, max-version 1, max-size 308
Dec 11 21:38:55 lfs kernel: [    1.328485] [drm] cap set 1: id 2, max-version 2, max-size 696
Dec 11 21:38:55 lfs kernel: [    1.328794] [drm] Initialized virtio_gpu 0.1.0 0 for 0000:00:02.0 on minor 0
Dec 11 21:38:55 lfs kernel: [    1.332000] fbcon: virtio_gpudrmfb (fb0) is primary device
Dec 11 21:38:55 lfs kernel: [    1.349207] Console: switching to colour frame buffer device 240x56
Dec 11 21:38:55 lfs kernel: [    1.355332] virtio-pci 0000:00:02.0: [drm] fb0: virtio_gpudrmfb frame buffer device
Dec 11 21:38:55 lfs kernel: [    2.028160] Adding 1048572k swap on /dev/vda2.  Priority:1 extents:1 across:1048572k
Dec 11 21:38:55 lfs kernel: [    2.049703] EXT4-fs (vda3): re-mounted 41a8ec51-1411-4d87-9f9e-f3c63c7c0452 ro. Quota mode: none.
Dec 11 21:38:55 lfs kernel: [    2.106050] EXT4-fs (vda3): re-mounted 41a8ec51-1411-4d87-9f9e-f3c63c7c0452 r/w. Quota mode: none.
Dec 11 21:38:55 lfs kernel: [    2.112509] FAT-fs (vda1): Volume was not properly unmounted. Some data may be corrupt. Please run fsck.
Dec 11 21:38:56 lfs kernel: [    4.133540] e1000: ens3 NIC Link is Up 1000 Mbps Full Duplex, Flow Control: RX
Dec 11 21:38:58 lfs kernel: [    6.790149] input: spice vdagent tablet as /devices/virtual/input/input6
